#
# There is insufficient memory for the Java Runtime Environment to continue.
# Native memory allocation (mmap) failed to map 268435456 bytes. Error detail: G1 virtual space
# Possible reasons:
#   The system is out of physical RAM or swap space
#   This process is running with CompressedOops enabled, and the Java Heap may be blocking the growth of the native heap
# Possible solutions:
#   Reduce memory load on the system
#   Increase physical memory or swap space
#   Check if swap backing store is full
#   Decrease Java heap size (-Xmx/-Xms)
#   Decrease number of Java threads
#   Decrease Java thread stack sizes (-Xss)
#   Set larger code cache with -XX:ReservedCodeCacheSize=
#   JVM is running with Zero Based Compressed Oops mode in which the Java heap is
#     placed in the first 32GB address space. The Java Heap base address is the
#     maximum limit for the native heap growth. Please use -XX:HeapBaseMinAddress
#     to set the Java Heap base and to place the Java Heap above 32GB virtual address.
# This output file may be truncated or incomplete.
#
#  Out of Memory Error (os_windows.cpp:3554), pid=20332, tid=29564
#
# JRE version:  (25.0.2+10) (build )
# Java VM: Java HotSpot(TM) 64-Bit Server VM (25.0.2+10-LTS-69, mixed mode, sharing, tiered, compressed oops, compressed class ptrs, g1 gc, windows-amd64)
# No core dump will be written. Minidumps are not enabled by default on client versions of Windows
#

---------------  S U M M A R Y ------------

Command Line: -Dfile.encoding=UTF-8 -Dstdout.encoding=UTF-8 -Dstderr.encoding=UTF-8 -XX:+ShowCodeDetailsInExceptionMessages Main

Host: AMD Ryzen 7 1700 Eight-Core Processor          , 16 cores, 15G,  Windows 10 , 64 bit Build 19041 (10.0.19041.5915)
Time: Tue May  5 02:28:39 2026 Eastern Daylight Time elapsed time: 0.015656 seconds (0d 0h 0m 0s)

---------------  T H R E A D  ---------------

Current thread (0x0000018ee3db0c20):  JavaThread "Unknown thread" [_thread_in_vm, id=29564, stack(0x00000060a1800000,0x00000060a1900000) (1024K)]

Stack: [0x00000060a1800000,0x00000060a1900000]
Native frames: (J=compiled Java code, j=interpreted, Vv=VM code, C=native code)
V  [jvm.dll+0x7a70f9]  (no source info available)
V  [jvm.dll+0x772d6d]  (no source info available)
V  [jvm.dll+0x965d53]  (no source info available)
V  [jvm.dll+0x968351]  (no source info available)
V  [jvm.dll+0x968a63]  (no source info available)
V  [jvm.dll+0x2fc846]  (no source info available)
V  [jvm.dll+0x7a3325]  (no source info available)
V  [jvm.dll+0x796737]  (no source info available)
V  [jvm.dll+0x3f4988]  (no source info available)
V  [jvm.dll+0x3fc8d6]  (no source info available)
V  [jvm.dll+0x3e8f7e]  (no source info available)
V  [jvm.dll+0x3e9238]  (no source info available)
V  [jvm.dll+0x3c0145]  (no source info available)
V  [jvm.dll+0x3c0dce]  (no source info available)
V  [jvm.dll+0x92cdf7]  (no source info available)
V  [jvm.dll+0x458f02]  (no source info available)
V  [jvm.dll+0x9107a2]  (no source info available)
V  [jvm.dll+0x4f9331]  (no source info available)
V  [jvm.dll+0x4fabc1]  (no source info available)
C  [jli.dll+0x543e]  (no source info available)
C  [ucrtbase.dll+0x21bb2]  (no source info available)
C  [KERNEL32.DLL+0x17374]  (no source info available)
C  [ntdll.dll+0x4cc91]  (no source info available)

Lock stack of current Java thread (top to bottom):


---------------  P R O C E S S  ---------------

Threads class SMR info:
_java_thread_list=0x00007fff70f85388, length=0, elements={
}

Java Threads: ( => current thread )
Total: 0

Other Threads:
  0x0000018ee603b1b0 WorkerThread "GC Thread#0"                     [id=10172, stack(0x00000060a1900000,0x00000060a1a00000) (1024K)]
  0x0000018ee6054220 ConcurrentGCThread "G1 Main Marker"            [id=20396, stack(0x00000060a1a00000,0x00000060a1b00000) (1024K)]
  0x0000018ee6055560 WorkerThread "G1 Conc#0"                       [id=13228, stack(0x00000060a1b00000,0x00000060a1c00000) (1024K)]

[error occurred during error reporting (printing all threads), id 0xc0000005, EXCEPTION_ACCESS_VIOLATION (0xc0000005) at pc=0x00007fff70664f1a]
VM state: not at safepoint (not fully initialized)

VM Mutex/Monitor currently owned by a thread:  ([mutex/lock_event])
[0x00007fff71009768] Heap_lock - owner thread: 0x0000018ee3db0c20

Heap address: 0x0000000701400000, size: 4076 MB, Compressed Oops mode: Zero based, Oop shift amount: 3

CDS archive(s) mapped at: [0x0000000000000000-0x0000000000000000-0x0000000000000000), size 0, SharedBaseAddress: 0x0000000800000000, ArchiveRelocationMode: 1.
UseCompressedClassPointers 1, UseCompactObjectHeaders 0
Narrow klass pointer bits 32, Max shift 3
Narrow klass base: 0xffffffffffffffff, Narrow klass shift: -1
Encoding Range: [0xffffffffffffffff - 0x000000007fffffff), (2147483648 bytes)
Klass Range:    [0x0000000000000000 - 0x0000000000000000), (0 bytes)
Klass ID Range:  [4294967295 - 0) (1)
No protection zone.

GC Precious Log:
 CardTable entry size: 512
 Card Set container configuration: InlinePtr #cards 4 size 8 Array Of Cards #cards 16 size 48 Howl #buckets 8 coarsen threshold 3686 Howl Bitmap #cards 512 size 80 coarsen threshold 460 Card regions per heap region 1 cards per card region 4096

Heap:
 garbage-first heap   total reserved 4173824K, committed 0K, used 0K [0x0000000701400000, 0x0000000800000000)
  region size 2048K, 0 young (0K), 0 survivors (0K)

Heap Regions: E=young(eden), S=young(survivor), O=old, HS=humongous(starts), HC=humongous(continues), CS=collection set, F=free, TAMS=top-at-mark-start, PB=parsable bottom

Card table byte_map: [0x0000018efe8f0000,0x0000018eff0f0000] _byte_map_base: 0x0000018efb0e6000

Marking Bits: (CMBitMap*) 0x0000018ee603b940
 Bits: [0x0000018e80000000, 0x0000018e83fb0000)

GC Heap Usage History (0 events):
No events

Metaspace Usage History (0 events):
No events

Dll operation events (1 events):
Event: 0.011 Loaded shared library C:\Program Files\Java\jdk-25.0.2\bin\java.dll

Deoptimization events (0 events):
No events

Classes loaded (0 events):
No events

Classes unloaded (0 events):
No events

Classes redefined (0 events):
No events

Internal exceptions (0 events):
No events

VM Operations (0 events):
No events

Memory protections (0 events):
No events

Nmethod flushes (0 events):
No events

Events (0 events):
No events


Dynamic libraries:
0x00007ff6eeb50000 - 0x00007ff6eeb60000 	C:\Program Files\Java\jdk-25.0.2\bin\javaw.exe
0x00007fffa2ef0000 - 0x00007fffa30e8000 	C:\WINDOWS\SYSTEM32\ntdll.dll
0x00007fffa1bb0000 - 0x00007fffa1c72000 	C:\WINDOWS\System32\KERNEL32.DLL
0x00007fffa0580000 - 0x00007fffa0876000 	C:\WINDOWS\System32\KERNELBASE.dll
0x00007fffa0dc0000 - 0x00007fffa0ec0000 	C:\WINDOWS\System32\ucrtbase.dll
0x00007fff998a0000 - 0x00007fff998b7000 	C:\Program Files\Java\jdk-25.0.2\bin\jli.dll
0x00007fff8e1e0000 - 0x00007fff8e1fe000 	C:\Program Files\Java\jdk-25.0.2\bin\VCRUNTIME140.dll
0x00007fffa22e0000 - 0x00007fffa2481000 	C:\WINDOWS\System32\USER32.dll
0x00007fff8bc70000 - 0x00007fff8bf0b000 	C:\WINDOWS\WinSxS\amd64_microsoft.windows.common-controls_6595b64144ccf1df_6.0.19041.6456_none_60b8a6cb71f64256\COMCTL32.dll
0x00007fffa0be0000 - 0x00007fffa0c02000 	C:\WINDOWS\System32\win32u.dll
0x00007fffa2030000 - 0x00007fffa205b000 	C:\WINDOWS\System32\GDI32.dll
0x00007fffa2c10000 - 0x00007fffa2cae000 	C:\WINDOWS\System32\msvcrt.dll
0x00007fffa0ac0000 - 0x00007fffa0bd9000 	C:\WINDOWS\System32\gdi32full.dll
0x00007fffa0c90000 - 0x00007fffa0d2d000 	C:\WINDOWS\System32\msvcp_win.dll
0x00007fffa1f20000 - 0x00007fffa1f4f000 	C:\WINDOWS\System32\IMM32.DLL
0x00007fff8e1d0000 - 0x00007fff8e1dc000 	C:\Program Files\Java\jdk-25.0.2\bin\vcruntime140_1.dll
0x00007fff8c930000 - 0x00007fff8c9bd000 	C:\Program Files\Java\jdk-25.0.2\bin\msvcp140.dll
0x00007fff70290000 - 0x00007fff710ef000 	C:\Program Files\Java\jdk-25.0.2\bin\server\jvm.dll
0x00007fffa1c80000 - 0x00007fffa1d31000 	C:\WINDOWS\System32\ADVAPI32.dll
0x00007fffa0f20000 - 0x00007fffa0fbf000 	C:\WINDOWS\System32\sechost.dll
0x00007fffa1a90000 - 0x00007fffa1bb0000 	C:\WINDOWS\System32\RPCRT4.dll
0x00007fffa0880000 - 0x00007fffa08a7000 	C:\WINDOWS\System32\bcrypt.dll
0x00007fffa2270000 - 0x00007fffa22db000 	C:\WINDOWS\System32\WS2_32.dll
0x00007fff9ff60000 - 0x00007fff9ffab000 	C:\WINDOWS\SYSTEM32\POWRPROF.dll
0x00007fff97740000 - 0x00007fff97767000 	C:\WINDOWS\SYSTEM32\WINMM.dll
0x00007fff99330000 - 0x00007fff9933a000 	C:\WINDOWS\SYSTEM32\VERSION.dll
0x00007fff9ff40000 - 0x00007fff9ff52000 	C:\WINDOWS\SYSTEM32\UMPDC.dll
0x00007fff9e410000 - 0x00007fff9e422000 	C:\WINDOWS\SYSTEM32\kernel.appcore.dll
0x00007fff8e1c0000 - 0x00007fff8e1ca000 	C:\Program Files\Java\jdk-25.0.2\bin\jimage.dll
0x00007fff99b60000 - 0x00007fff99d61000 	C:\WINDOWS\SYSTEM32\DBGHELP.DLL
0x00007fff90b00000 - 0x00007fff90b34000 	C:\WINDOWS\SYSTEM32\dbgcore.DLL
0x00007fffa0d30000 - 0x00007fffa0db2000 	C:\WINDOWS\System32\bcryptPrimitives.dll
0x00007fff8e1a0000 - 0x00007fff8e1bf000 	C:\Program Files\Java\jdk-25.0.2\bin\java.dll
0x00007fffa1df0000 - 0x00007fffa1f1b000 	C:\WINDOWS\System32\ole32.dll
0x00007fffa0fc0000 - 0x00007fffa1314000 	C:\WINDOWS\System32\combase.dll
0x00007fffa1320000 - 0x00007fffa1a90000 	C:\WINDOWS\System32\SHELL32.dll

JVMTI agents: none

dbghelp: loaded successfully - version: 4.0.5 - missing functions: none
symbol engine: initialized successfully - sym options: 0x614 - pdb path: .;C:\Program Files\Java\jdk-25.0.2\bin;C:\WINDOWS\SYSTEM32;C:\WINDOWS\WinSxS\amd64_microsoft.windows.common-controls_6595b64144ccf1df_6.0.19041.6456_none_60b8a6cb71f64256;C:\Program Files\Java\jdk-25.0.2\bin\server

VM Arguments:
jvm_args: -Dfile.encoding=UTF-8 -Dstdout.encoding=UTF-8 -Dstderr.encoding=UTF-8 -XX:+ShowCodeDetailsInExceptionMessages 
java_command: Main
java_class_path (initial): C:\Users\jupit\eclipse-workspace\Quiz2Fork4\bin
Launcher Type: SUN_STANDARD

[Global flags]
     intx CICompilerCount                          = 12                                        {product} {ergonomic}
     uint ConcGCThreads                            = 3                                         {product} {ergonomic}
     uint G1ConcRefinementThreads                  = 13                                        {product} {ergonomic}
   size_t G1HeapRegionSize                         = 2097152                                   {product} {ergonomic}
   size_t InitialHeapSize                          = 268435456                                 {product} {ergonomic}
   size_t MarkStackSize                            = 4194304                                   {product} {ergonomic}
   size_t MarkStackSizeMax                         = 536870912                                 {product} {ergonomic}
   size_t MaxHeapSize                              = 4273995776                                {product} {ergonomic}
   size_t MinHeapDeltaBytes                        = 2097152                                   {product} {ergonomic}
   size_t MinHeapSize                              = 8388608                                   {product} {ergonomic}
    uintx NonNMethodCodeHeapSize                   = 7602176                                {pd product} {ergonomic}
    uintx NonProfiledCodeHeapSize                  = 122093568                              {pd product} {ergonomic}
    uintx ProfiledCodeHeapSize                     = 121962496                              {pd product} {ergonomic}
    uintx ReservedCodeCacheSize                    = 251658240                              {pd product} {ergonomic}
     bool SegmentedCodeCache                       = true                                      {product} {ergonomic}
     bool ShowCodeDetailsInExceptionMessages       = true                                   {manageable} {command line}
   size_t SoftMaxHeapSize                          = 4273995776                             {manageable} {ergonomic}
     bool UseCompressedOops                        = true                           {product lp64_product} {ergonomic}
     bool UseG1GC                                  = true                                      {product} {ergonomic}
     bool UseLargePagesIndividualAllocation        = false                                  {pd product} {ergonomic}

Logging:
Log output configuration:
 #0: stdout all=warning uptime,level,tags foldmultilines=false
 #1: stderr all=off uptime,level,tags foldmultilines=false

Release file:
<release file has not been read>
Environment Variables:
PATH=C:/Users/jupit/Downloads/eclipse//plugins/org.eclipse.justj.openjdk.hotspot.jre.full.win32.x86_64_21.0.9.v20251105-0741/jre/bin/server;C:/Users/jupit/Downloads/eclipse//plugins/org.eclipse.justj.openjdk.hotspot.jre.full.win32.x86_64_21.0.9.v20251105-0741/jre/bin;C:\Program Files\Common Files\Oracle\Java\javapath;C:\Program Files (x86)\Common Files\Oracle\Java\javapath;C:\WINDOWS\system32;C:\WINDOWS;C:\WINDOWS\System32\Wbem;C:\WINDOWS\System32\WindowsPowerShell\v1.0\;C:\WINDOWS\System32\OpenSSH\;C:\Program Files\dotnet\;C:\Users\jupit\AppData\Local\Microsoft\WindowsApps;;C:\Users\jupit\Downloads\eclipse;
USERNAME=jupit
OS=Windows_NT
PROCESSOR_IDENTIFIER=AMD64 Family 23 Model 1 Stepping 1, AuthenticAMD
TMP=C:\Users\jupit\AppData\Local\Temp
TEMP=C:\Users\jupit\AppData\Local\Temp




Compilation memory statistics disabled.

Periodic native trim disabled

---------------  S Y S T E M  ---------------

OS:
 Windows 10 , 64 bit Build 19041 (10.0.19041.5915)
OS uptime: 0 days 14:06 hours

CPU: total 16 (initial active 16) (16 cores per cpu, 2 threads per core) family 23 model 1 stepping 1 microcode 0x0, cx8, cmov, fxsr, ht, mmx, 3dnowpref, sse, sse2, sse3, ssse3, sse4a, sse4.1, sse4.2, popcnt, lzcnt, tsc, tscinvbit, avx, avx2, aes, clmul, bmi1, bmi2, adx, sha, fma, vzeroupper, clflush, clflushopt, rdtscp, f16c
Processor Information for the first 16 processors :
  Max Mhz: 3000, Current Mhz: 3000, Mhz Limit: 3000

Memory: 4k page, system-wide physical 16302M (7594M free)
TotalPageFile size 53153M (AvailPageFile size 61M)
current process WorkingSet (physical memory assigned to process): 12M, peak: 12M
current process commit charge ("private bytes"): 71M, peak: 327M

vm_info: Java HotSpot(TM) 64-Bit Server VM (25.0.2+10-LTS-69) for windows-amd64 JRE (25.0.2+10-LTS-69), built on 2025-12-18T11:36:35Z with MS VC++ 17.13 (VS2022)

END.
